// Jest Snapshot v1, https://goo.gl/fbAQLP

exports[`AllGenres should match snapshot 1`] = `
Object {
  "asFragment": [Function],
  "baseElement": <body>
    <div>
      <div
        class="main"
      >
        <div
          class="row"
        >
          <h1
            class="column_left"
          >
            genres
          </h1>
          <img
            alt="toggle"
            class="column_right"
            src="icon-grid.svg"
          />
        </div>
        <br />
        <div
          class="genre_type"
        >
          <img
            alt="genre"
            class="genre_type_img"
            src="../../../images/genre-Bollywood.png"
          />
          <button
            class="blue_button"
            type="button"
          >
            Bollywood
          </button>
        </div>
        <ul
          class="cards"
        >
          <li
            class="cards_item"
          >
            <div
              class="card"
            >
              <div
                class="card_content"
              >
                <img
                  alt="song cover"
                  class="card_image"
                  src="https://i.scdn.co/image/ab67616d0000b273dc1f496d2a8d75f7fda092b6"
                />
                <div
                  class="row"
                >
                  <div
                    class="column_left"
                  >
                    <p
                      class="card_title"
                    >
                      Aankh Marey
                    </p>
                    <p
                      class="card_text"
                    >
                      Neha Kakkar
                    </p>
                  </div>
                  <div
                    class="column_right"
                  >
                    <img
                      alt="likes"
                      class="heart_image"
                      src="heart-red.svg"
                    />
                    <p
                      class="likes_count"
                    >
                      7
                    </p>
                  </div>
                </div>
              </div>
            </div>
          </li>
        </ul>
      </div>
    </div>
  </body>,
  "container": <div>
    <div
      class="main"
    >
      <div
        class="row"
      >
        <h1
          class="column_left"
        >
          genres
        </h1>
        <img
          alt="toggle"
          class="column_right"
          src="icon-grid.svg"
        />
      </div>
      <br />
      <div
        class="genre_type"
      >
        <img
          alt="genre"
          class="genre_type_img"
          src="../../../images/genre-Bollywood.png"
        />
        <button
          class="blue_button"
          type="button"
        >
          Bollywood
        </button>
      </div>
      <ul
        class="cards"
      >
        <li
          class="cards_item"
        >
          <div
            class="card"
          >
            <div
              class="card_content"
            >
              <img
                alt="song cover"
                class="card_image"
                src="https://i.scdn.co/image/ab67616d0000b273dc1f496d2a8d75f7fda092b6"
              />
              <div
                class="row"
              >
                <div
                  class="column_left"
                >
                  <p
                    class="card_title"
                  >
                    Aankh Marey
                  </p>
                  <p
                    class="card_text"
                  >
                    Neha Kakkar
                  </p>
                </div>
                <div
                  class="column_right"
                >
                  <img
                    alt="likes"
                    class="heart_image"
                    src="heart-red.svg"
                  />
                  <p
                    class="likes_count"
                  >
                    7
                  </p>
                </div>
              </div>
            </div>
          </div>
        </li>
      </ul>
    </div>
  </div>,
  "debug": [Function],
  "findAllByAltText": [Function],
  "findAllByDisplayValue": [Function],
  "findAllByLabelText": [Function],
  "findAllByPlaceholderText": [Function],
  "findAllByRole": [Function],
  "findAllByTestId": [Function],
  "findAllByText": [Function],
  "findAllByTitle": [Function],
  "findByAltText": [Function],
  "findByDisplayValue": [Function],
  "findByLabelText": [Function],
  "findByPlaceholderText": [Function],
  "findByRole": [Function],
  "findByTestId": [Function],
  "findByText": [Function],
  "findByTitle": [Function],
  "getAllByAltText": [Function],
  "getAllByDisplayValue": [Function],
  "getAllByLabelText": [Function],
  "getAllByPlaceholderText": [Function],
  "getAllByRole": [Function],
  "getAllByTestId": [Function],
  "getAllByText": [Function],
  "getAllByTitle": [Function],
  "getByAltText": [Function],
  "getByDisplayValue": [Function],
  "getByLabelText": [Function],
  "getByPlaceholderText": [Function],
  "getByRole": [Function],
  "getByTestId": [Function],
  "getByText": [Function],
  "getByTitle": [Function],
  "queryAllByAltText": [Function],
  "queryAllByDisplayValue": [Function],
  "queryAllByLabelText": [Function],
  "queryAllByPlaceholderText": [Function],
  "queryAllByRole": [Function],
  "queryAllByTestId": [Function],
  "queryAllByText": [Function],
  "queryAllByTitle": [Function],
  "queryByAltText": [Function],
  "queryByDisplayValue": [Function],
  "queryByLabelText": [Function],
  "queryByPlaceholderText": [Function],
  "queryByRole": [Function],
  "queryByTestId": [Function],
  "queryByText": [Function],
  "queryByTitle": [Function],
  "rerender": [Function],
  "unmount": [Function],
}
`;
